Script started on Friday 28 February 2020 11:37:15 AM IST
]0;s4c1@proxysrvr: ~/ceccs18c20/cs232/2802.3[01;32ms4c1@proxysrvr[00m:[01;34m~/ceccs18c20/cs232/2802.3[00m$ ssh cs18c20@192.168.0.30
.
              |
.  .    . .-. | .-..-. .--.--. .-.
 \  \  / (.-' |(  (   )|  |  |(.-'
  `' `'   `--'` `-'`-' '  '  ` `--'
cs18c20@192.168.0.30's password: 
Welcome to elementary OS 0.4.1 Loki (GNU/Linux 4.13.0-32-generic x86_64)

 * Website:  http://elementary.io/

402 packages can be updated.
0 updates are security updates.

Last login: Fri Feb 28 11:39:06 2020 from 192.168.0.58
$ mkdir file1
mkdir: cannot create directory â€˜file1â€™: File exists
$ mkdirfile2
-sh: 2: mkdirfile2: not found
$ mkdir file2
$ put temp.txt
-sh: 4: put: not found
$ exit
Connection to 192.168.0.30 closed.
]0;s4c1@proxysrvr: ~/ceccs18c20/cs232/2802.3[01;32ms4c1@proxysrvr[00m:[01;34m~/ceccs18c20/cs232/2802.3[00m$ rsync homw[Ke/cs[K[K[K[K[K[K[K[K[K[K[K[K[Krsync /home/s4c1/ceccs18c15/cs232/1702 /temp1.txt[K[K[K[K[K[K[K[K[K[K[A[C[C[C[C[C[C[C[C[C[C[C[C[C[C[C[C[C[C[C[C[C[C[C[C[C[C[C[C[C[C[C[C[C[C[C[C[C[C[C[C[C[C[C[C[C[C[C[C[C[C[C[C[C[C[C[C[C[C[C[C[C[C[C[C[C[C[C[C[C[C[C[C[C[C[C[C[C[C[C[K
[K[A[C[C[C[C[C[C[C[C[C[C[C[C[C[C[C[C[C[C[C[C[C[C[C[C[C[C[C[C[C[C[C[C[C[C[C[C[C[C[C[C[C[C[C[C[C[C[C[C[C[C[C[C[C[C[C[C[C[C[C[C[C[C[C[C[C[C[C[C[C[C[C[C[C[C[C[C[C[C[C[K[K[K[K[K[K[K[K[K[K[K[K[K[K[K[K[K[K[K[K[K[K[K[K[K[K[K[K[K[K[K[K[K[K[K[K[Krsync /home/ceccs18c15/cs232/1702/temp 1.txt[K[K[K[K[K[A[C[C[C[C[C[C[C[C[C[C[C[C[C[C[C[C[C[C[C[C[C[C[C[C[C[C[C[C[C[C[C[C[C[C[C[C[C[C[C[C[C[C[C[C[C[C[C[C[C[C[C[C[C[C[C[C[C[C[C[C[C[C[C[C[C[C[C[C[C[C[C[C[C[C[C[C[C[C[C[K
[K[A[C[C[C[C[C[C[C[C[C[C[C[C[C[C[C[C[C[C[C[C[C[C[C[C[C[C[C[C[C[C[C[C[C[C[C[C[C[C[C[C[C[C[C[C[C[C[C[C[C[C[C[C[C[C[C[C[C[C[C[C[C[C[C[C[C[C[C[C[C[C[C[C[C[C[C[C[C[C[C[K[K[K[K[K[K[K[K[K[K[K[K[K[K[K[K[K[K[K[K[K[K[K[K[Kceccs18c20/cs232/2802.3/te mp.txt cs18c20@192.168.0.30:2802.3
scp temp.txt csssh: connect to host 192.168.0.30 port 22: No route to host
rsync: connection unexpectedly closed (0 bytes received so far) [sender]
rsync error: unexplained error (code 255) at io.c(226) [sender=3.1.1]
]0;s4c1@proxysrvr: ~/ceccs18c20/cs232/2802.3[01;32ms4c1@proxysrvr[00m:[01;34m~/ceccs18c20/cs232/2802.3[00m$ scp temp.txt cs18c20@192.168.0.30:2802 .3
essh: connect to host 192.168.0.30 port 22: No route to host
lost connection
]0;s4c1@proxysrvr: ~/ceccs18c20/cs232/2802.3[01;32ms4c1@proxysrvr[00m:[01;34m~/ceccs18c20/cs232/2802.3[00m$ exit[K[K[K[Kscp temp.txt cs18c20@192.168.0.30:2802..3
ssh: connect to host 192.168.0.30 port 22: No route to host
lost connection
]0;s4c1@proxysrvr: ~/ceccs18c20/cs232/2802.3[01;32ms4c1@proxysrvr[00m:[01;34m~/ceccs18c20/cs232/2802.3[00m$ scp temp.txt cs18c20@192.168.0.30:2802..3[A]0;s4c1@proxysrvr: ~/ceccs18c20/cs232/2802.3[01;32ms4c1@proxysrvr[00m:[01;34m~/ceccs18c20/cs232/2802.3[00m$ rsync /home/ceccs18c20/cs232/2802.3/temp.txt cs18c20@192.168.0.30:2802.3[A]0;s4c1@proxysrvr: ~/ceccs18c20/cs232/2802.3[01;32ms4c1@proxysrvr[00m:[01;34m~/ceccs18c20/cs232/2802.3[00m$ [14Pssh cs18c20@192.168.0.30
[K[A[C[C[C[C[C[C[C[C[C[C[C[C[C[C[C[C[C[C[C[C[C[C[C[C[C[C[C[C[C[C[C[C[C[C[C[C[C[C[C[C[C[C[C[C[C[C[C[C[C[C[C[C[C[C[C[C[C[C[C[C[C[C[C[C[C[C
ssh: connect to host 192.168.0.30 port 22: No route to host
]0;s4c1@proxysrvr: ~/ceccs18c20/cs232/2802.3[01;32ms4c1@proxysrvr[00m:[01;34m~/ceccs18c20/cs232/2802.3[00m$ ssh cs18c20@192.168.0.30cp temp.txt cs18c20@192.168.0.30:2802..3[A]0;s4c1@proxysrvr: ~/ceccs18c20/cs232/2802.3[01;32ms4c1@proxysrvr[00m:[01;34m~/ceccs18c20/cs232/2802.3[00m$ rsync /home/ceccs18c20/cs232/2802.3/temp.txt cs18c20@192.168.0.30:2802.3[A]0;s4c1@proxysrvr: ~/ceccs18c20/cs232/2802.3[01;32ms4c1@proxysrvr[00m:[01;34m~/ceccs18c20/cs232/2802.3[00m$ [14Pssh cs18c20@192.168.0.30
[K[A[C[C[C[C[C[C[C[C[C[C[C[C[C[C[C[C[C[C[C[C[C[C[C[C[C[C[C[C[C[C[C[C[C[C[C[C[C[C[C[C[C[C[C[C[C[C[C[C[C[C[C[C[C[C[C[C[C[C[C[C[C[C[C[C[C[C
ssh: connect to host 192.168.0.30 port 22: No route to host
]0;s4c1@proxysrvr: ~/ceccs18c20/cs232/2802.3[01;32ms4c1@proxysrvr[00m:[01;34m~/ceccs18c20/cs232/2802.3[00m$ ssh cs18c20@192.168.0.30cp temp.txt cs18c20@192.168.0.30:2802..3[A]0;s4c1@proxysrvr: ~/ceccs18c20/cs232/2802.3[01;32ms4c1@proxysrvr[00m:[01;34m~/ceccs18c20/cs232/2802.3[00m$ rsync /home/ceccs18c20/cs232/2802.3/temp.txt cs18c20@192.168.0.30:2802.3[A]0;s4c1@proxysrvr: ~/ceccs18c20/cs232/2802.3[01;32ms4c1@proxysrvr[00m:[01;34m~/ceccs18c20/cs232/2802.3[00m$ [14Pssh cs18c20@192.168.0.30
[K[A[C[C[C[C[C[C[C[C[C[C[C[C[C[C[C[C[C[C[C[C[C[C[C[C[C[C[C[C[C[C[C[C[C[C[C[C[C[C[C[C[C[C[C[C[C[C[C[C[C[C[C[C[C[C[C[C[C[C[C[C[C[C[C[C[C[Cexit[Kssh cs18c20@192.168.0.30[1@ftp[C[C[C[C[C[C[C[C[C[C[C[C[C[C[C[C[C[C[C[C[Cexit[Kssh cs18c20@192.168.0.30[9Pgedit temp1.txtssh cs18c20@192.168.0.30exit[Ksftp cs18c20@192.168.0.30[1Psh[C[C[C[C[C[C[C[C[C[C[C[C[C[C[C[C[C[C[C[C[Cexit[Kssh cs18c20@192.168.0.30rsync /home/ceccs18c20/cs232/2802.3/temmp.txt cs18c20@192.168.0.30:2802.3[A]0;s4c1@proxysrvr: ~/ceccs18c20/cs232/2802.3[01;32ms4c1@proxysrvr[00m:[01;34m~/ceccs18c20/cs232/2802.3[00m$ scp temp.txt cs18c20@192.168.0.30:2802.3[K[A]0;s4c1@proxysrvr: ~/ceccs18c20/cs232/2802.3[01;32ms4c1@proxysrvr[00m:[01;34m~/ceccs18c20/cs232/2802.3[00m$ [C[14Psh cs18c20@192.168.0.30
[K[A[C[C[C[C[C[C[C[C[C[C[C[C[C[C[C[C[C[C[C[C[C[C[C[C[C[C[C[C[C[C[C[C[C[C[C[C[C[C[C[C[C[C[C[C[C[C[C[C[C[C[C[C[C[C[C[C[C[C[C[C[C[C[C[C[C[C[Kssh cs18c20@192.168.0.30cp temp.txt cs18c20@192.168.0.30:2802..3
ssh: connect to host 192.168.0.30 port 22: No route to host
lost connection
]0;s4c1@proxysrvr: ~/ceccs18c20/cs232/2802.3[01;32ms4c1@proxysrvr[00m:[01;34m~/ceccs18c20/cs232/2802.3[00m$ exit
exit

Script done on Friday 28 February 2020 11:49:55 AM IST
